// Jest Snapshot v1, https://goo.gl/fbAQLP

exports[`App renders correctly 1`] = `
<button
  className="MuiButtonBase-root MuiButton-root NatDSButton-root-1 MuiButton-contained MuiButton-containedPrimary"
  disabled={false}
  onBlur={[Function]}
  onDragLeave={[Function]}
  onFocus={[Function]}
  onKeyDown={[Function]}
  onKeyUp={[Function]}
  onMouseDown={[Function]}
  onMouseLeave={[Function]}
  onMouseUp={[Function]}
  onTouchEnd={[Function]}
  onTouchMove={[Function]}
  onTouchStart={[Function]}
  tabIndex={0}
  type="button"
>
  <span
    className="MuiButton-label NatDSButton-label-2"
  >
    <i
      aria-hidden={true}
      className="material-icons MuiIcon-root natds-icons natds-icons-filled-action-add NatDSIcon-tinyFontSize-4"
    >
      filled-action-add
    </i>
    Button
  </span>
</button>
`;
